// Jest Snapshot v1, https://goo.gl/fbAQLP

exports[`Bot #replyWithError calls msg.reply with the error message 1`] = `
Array [
  Object {
    "embed": Object {
      "color": 16711680,
      "description": "Oh no!",
    },
  },
]
`;
